../Core/Src/main.c:28:24:pct_to_us	16	static
../Core/Src/main.c:34:13:LoRa_Send	16	static
../Core/Src/main.c:40:13:LoRa_AT	16	static
../Core/Src/main.c:45:13:LoRa_SendGPS	200	static
../Core/Src/main.c:58:12:gps_checksum_ok	40	static
../Core/Src/main.c:77:12:gps_ddmm_to_e7	72	static
../Core/Src/main.c:90:13:GPS_Parse	96	static
../Core/Src/main.c:119:13:LoRa_Handle	56	static
../Core/Src/main.c:150:5:main	16	static
../Core/Src/main.c:182:6:HAL_UART_RxCpltCallback	24	static
../Core/Src/main.c:233:13:MX_TIM1_Init	40	static
../Core/Src/main.c:254:13:MX_TIM3_Init	40	static
../Core/Src/main.c:275:13:MX_UART4_Init	8	static
../Core/Src/main.c:288:13:MX_USART3_UART_Init	8	static
../Core/Src/main.c:301:13:MX_GPIO_Init	24	static
../Core/Src/main.c:307:6:SystemClock_Config	80	static
../Core/Src/main.c:340:6:Error_Handler	4	static,ignoring_inline_asm
