../Core/Src/main.c:28:24:pct_to_us	16	static
../Core/Src/main.c:34:13:LoRa_Send	16	static
../Core/Src/main.c:40:13:LoRa_AT	16	static
../Core/Src/main.c:45:13:LoRa_SendGPS	184	static
../Core/Src/main.c:58:12:gps_checksum_ok	40	static
../Core/Src/main.c:77:12:gps_ddmm_to_e7	80	static
../Core/Src/main.c:92:13:GPS_Parse	96	static
../Core/Src/main.c:121:13:LoRa_Handle	56	static
../Core/Src/main.c:152:5:main	16	static
../Core/Src/main.c:184:6:HAL_UART_RxCpltCallback	24	static
../Core/Src/main.c:235:13:MX_TIM1_Init	40	static
../Core/Src/main.c:256:13:MX_TIM3_Init	40	static
../Core/Src/main.c:277:13:MX_UART4_Init	8	static
../Core/Src/main.c:290:13:MX_USART3_UART_Init	8	static
../Core/Src/main.c:303:13:MX_GPIO_Init	24	static
../Core/Src/main.c:309:6:SystemClock_Config	80	static
../Core/Src/main.c:342:6:Error_Handler	4	static,ignoring_inline_asm
