../Core/Src/stm32f4xx_it.c:59:6:NMI_Handler	4	static
../Core/Src/stm32f4xx_it.c:66:6:HardFault_Handler	4	static
../Core/Src/stm32f4xx_it.c:73:6:MemManage_Handler	4	static
../Core/Src/stm32f4xx_it.c:80:6:BusFault_Handler	4	static
../Core/Src/stm32f4xx_it.c:87:6:UsageFault_Handler	4	static
../Core/Src/stm32f4xx_it.c:94:6:SVC_Handler	4	static
../Core/Src/stm32f4xx_it.c:98:6:DebugMon_Handler	4	static
../Core/Src/stm32f4xx_it.c:102:6:PendSV_Handler	4	static
../Core/Src/stm32f4xx_it.c:106:6:SysTick_Handler	8	static
../Core/Src/stm32f4xx_it.c:118:6:UART4_IRQHandler	8	static
../Core/Src/stm32f4xx_it.c:126:6:USART3_IRQHandler	8	static
