../Core/Src/main.c:109:13:dbg	16	static
../Core/Src/main.c:113:13:vdbg	16	static
../Core/Src/main.c:120:13:StartLoRaRxIT	8	static
../Core/Src/main.c:121:13:StartGPSRxIT	8	static
../Core/Src/main.c:123:13:leds_all_off	8	static
../Core/Src/main.c:131:13:leds_boot_chase	8	static
../Core/Src/main.c:140:13:leds_apply_cmd	48	static
../Core/Src/main.c:154:12:gps_validate_checksum	32	static
../Core/Src/main.c:168:12:gps_parse_ddmm_to_e7	80	static
../Core/Src/main.c:183:13:gps_parse_rmc	208	static
../Core/Src/main.c:223:13:gps_task	160	static
../Core/Src/main.c:246:13:lora_send_line	16	static
../Core/Src/main.c:252:12:lora_wait_line	24	static
../Core/Src/main.c:265:12:lora_line_means_ok	16	static
../Core/Src/main.c:274:12:lora_line_means_err	16	static
../Core/Src/main.c:279:12:lora_cmd_expect_ok	24	static
../Core/Src/main.c:298:13:lora_send_gps_e7	208	static
../Core/Src/main.c:317:13:lora_set_baud	16	static
../Core/Src/main.c:325:12:lora_probe_at	24	static
../Core/Src/main.c:342:17:lora_autobaud	96	static
../Core/Src/main.c:360:13:gps_set_baud	16	static
../Core/Src/main.c:368:17:gps_autobaud	112	static
../Core/Src/main.c:397:5:main	176	static
../Core/Src/main.c:501:6:SystemClock_Config	96	static
../Core/Src/main.c:523:6:HAL_UART_RxCpltCallback	24	static
../Core/Src/main.c:578:6:Error_Handler	8	static,ignoring_inline_asm
