../Core/Src/main.c:22:5:main	8	static
../Core/Src/main.c:57:6:HAL_UART_RxCpltCallback	16	static
../Core/Src/main.c:75:6:SystemClock_Config	128	static
../Core/Src/main.c:124:13:MX_ADC_Init	8	static
../Core/Src/main.c:169:13:MX_USART1_UART_Init	8	static
../Core/Src/main.c:204:13:MX_USART2_UART_Init	8	static
../Core/Src/main.c:239:13:MX_USART4_UART_Init	8	static
../Core/Src/main.c:274:13:MX_GPIO_Init	48	static
../Core/Src/main.c:318:6:Error_Handler	8	static,ignoring_inline_asm
../Core/Src/main.c:336:6:assert_failed	16	static
